[INFO] Error stacktraces are turned on.
[INFO] Scanning for projects...
[INFO] 
[INFO] ----------------------< com.bodhganga:bodhganga >-----------------------
[INFO] Building bodhganga 0.0.1-SNAPSHOT
[INFO]   from pom.xml
[INFO] --------------------------------[ jar ]---------------------------------
[INFO] 
[INFO] --- clean:3.5.0:clean (default-clean) @ bodhganga ---
[INFO] Deleting C:\PROJECTS\bodhganga\backend\target
[INFO] 
[INFO] --- resources:3.3.1:resources (default-resources) @ bodhganga ---
[INFO] Copying 1 resource from src\main\resources to target\classes
[INFO] Copying 0 resource from src\main\resources to target\classes
[INFO] 
[INFO] --- compiler:3.14.1:compile (default-compile) @ bodhganga ---
[INFO] Recompiling the module because of changed source code.
[INFO] Compiling 22 source files with javac [debug parameters release 17] to target\classes
[INFO] Some messages have been simplified; recompile with -Xdiags:verbose to get full output
[INFO] -------------------------------------------------------------
[ERROR] COMPILATION ERROR : 
[INFO] -------------------------------------------------------------
[ERROR] /C:/PROJECTS/bodhganga/backend/src/main/java/com/bodhganga/bodhganga/repo/userRepo.java:[11,8] interface UserRepo is public, should be declared in a file named UserRepo.java
[ERROR] /C:/PROJECTS/bodhganga/backend/src/main/java/com/bodhganga/bodhganga/config/DataLoader.java:[29,13] cannot find symbol
  symbol:   variable log
  location: class com.bodhganga.bodhganga.config.DataLoader
[ERROR] /C:/PROJECTS/bodhganga/backend/src/main/java/com/bodhganga/bodhganga/config/DataLoader.java:[33,9] cannot find symbol
  symbol:   variable log
  location: class com.bodhganga.bodhganga.config.DataLoader
[ERROR] /C:/PROJECTS/bodhganga/backend/src/main/java/com/bodhganga/bodhganga/config/DataLoader.java:[158,9] cannot find symbol
  symbol:   variable log
  location: class com.bodhganga.bodhganga.config.DataLoader
[ERROR] /C:/PROJECTS/bodhganga/backend/src/main/java/com/bodhganga/bodhganga/config/DataLoader.java:[166,15] cannot find symbol
  symbol:   method setId(java.lang.String)
  location: variable course of type com.bodhganga.bodhganga.entity.Courses
[ERROR] /C:/PROJECTS/bodhganga/backend/src/main/java/com/bodhganga/bodhganga/config/DataLoader.java:[167,15] cannot find symbol
  symbol:   method setCourseTitle(java.lang.String)
  location: variable course of type com.bodhganga.bodhganga.entity.Courses
[ERROR] /C:/PROJECTS/bodhganga/backend/src/main/java/com/bodhganga/bodhganga/config/DataLoader.java:[168,15] cannot find symbol
  symbol:   method setDescription(java.lang.String)
  location: variable course of type com.bodhganga.bodhganga.entity.Courses
[ERROR] /C:/PROJECTS/bodhganga/backend/src/main/java/com/bodhganga/bodhganga/config/DataLoader.java:[169,15] cannot find symbol
  symbol:   method setInstructorName(java.lang.String)
  location: variable course of type com.bodhganga.bodhganga.entity.Courses
[ERROR] /C:/PROJECTS/bodhganga/backend/src/main/java/com/bodhganga/bodhganga/config/DataLoader.java:[170,15] cannot find symbol
  symbol:   method setCourseCategory(java.lang.String)
  location: variable course of type com.bodhganga.bodhganga.entity.Courses
[ERROR] /C:/PROJECTS/bodhganga/backend/src/main/java/com/bodhganga/bodhganga/config/DataLoader.java:[171,15] cannot find symbol
  symbol:   method setCourseDuration(double)
  location: variable course of type com.bodhganga.bodhganga.entity.Courses
[ERROR] /C:/PROJECTS/bodhganga/backend/src/main/java/com/bodhganga/bodhganga/config/DataLoader.java:[172,15] cannot find symbol
  symbol:   method setCoursePrice(double)
  location: variable course of type com.bodhganga.bodhganga.entity.Courses
[ERROR] /C:/PROJECTS/bodhganga/backend/src/main/java/com/bodhganga/bodhganga/config/DataLoader.java:[173,15] cannot find symbol
  symbol:   method setThumbnailUrl(java.lang.String)
  location: variable course of type com.bodhganga.bodhganga.entity.Courses
[ERROR] /C:/PROJECTS/bodhganga/backend/src/main/java/com/bodhganga/bodhganga/config/DataLoader.java:[174,15] cannot find symbol
  symbol:   method setLanguage(java.lang.String)
  location: variable course of type com.bodhganga.bodhganga.entity.Courses
[ERROR] /C:/PROJECTS/bodhganga/backend/src/main/java/com/bodhganga/bodhganga/config/DataLoader.java:[175,15] cannot find symbol
  symbol:   method setTotalLectures(int)
  location: variable course of type com.bodhganga.bodhganga.entity.Courses
[ERROR] /C:/PROJECTS/bodhganga/backend/src/main/java/com/bodhganga/bodhganga/config/DataLoader.java:[176,15] cannot find symbol
  symbol:   method setRating(double)
  location: variable course of type com.bodhganga.bodhganga.entity.Courses
[ERROR] /C:/PROJECTS/bodhganga/backend/src/main/java/com/bodhganga/bodhganga/config/DataLoader.java:[177,15] cannot find symbol
  symbol:   method setEnrolledStudents(int)
  location: variable course of type com.bodhganga.bodhganga.entity.Courses
[ERROR] /C:/PROJECTS/bodhganga/backend/src/main/java/com/bodhganga/bodhganga/config/DataLoader.java:[178,15] cannot find symbol
  symbol:   method setCreatedAt(java.util.Date)
  location: variable course of type com.bodhganga.bodhganga.entity.Courses
[ERROR] /C:/PROJECTS/bodhganga/backend/src/main/java/com/bodhganga/bodhganga/config/DataLoader.java:[179,15] cannot find symbol
  symbol:   method setUpdatedAt(java.util.Date)
  location: variable course of type com.bodhganga.bodhganga.entity.Courses
[ERROR] /C:/PROJECTS/bodhganga/backend/src/main/java/com/bodhganga/bodhganga/controllers/AuthController.java:[24,37] cannot find symbol
  symbol:   method isSuccess()
  location: variable response of type com.bodhganga.bodhganga.dto.ApiResponseDTO
[ERROR] /C:/PROJECTS/bodhganga/backend/src/main/java/com/bodhganga/bodhganga/controllers/AuthController.java:[31,37] cannot find symbol
  symbol:   method isSuccess()
  location: variable response of type com.bodhganga.bodhganga.dto.ApiResponseDTO
[ERROR] /C:/PROJECTS/bodhganga/backend/src/main/java/com/bodhganga/bodhganga/service/AuthService.java:[28,47] cannot find symbol
  symbol:   method getEmail()
  location: variable dto of type com.bodhganga.bodhganga.dto.SignupRequestDTO
[ERROR] /C:/PROJECTS/bodhganga/backend/src/main/java/com/bodhganga/bodhganga/service/AuthService.java:[29,46] cannot find symbol
  symbol:   method builder()
  location: class com.bodhganga.bodhganga.dto.ApiResponseDTO
[ERROR] /C:/PROJECTS/bodhganga/backend/src/main/java/com/bodhganga/bodhganga/service/AuthService.java:[36,49] cannot find symbol
  symbol:   method getPhoneNo()
  location: variable dto of type com.bodhganga.bodhganga.dto.SignupRequestDTO
[ERROR] /C:/PROJECTS/bodhganga/backend/src/main/java/com/bodhganga/bodhganga/service/AuthService.java:[37,46] cannot find symbol
  symbol:   method builder()
  location: class com.bodhganga.bodhganga.dto.ApiResponseDTO
[ERROR] /C:/PROJECTS/bodhganga/backend/src/main/java/com/bodhganga/bodhganga/service/AuthService.java:[44,33] cannot find symbol
  symbol:   method builder()
  location: class com.bodhganga.bodhganga.entity.User
[ERROR] /C:/PROJECTS/bodhganga/backend/src/main/java/com/bodhganga/bodhganga/service/AuthService.java:[45,42] cannot find symbol
  symbol:   method getName()
  location: variable dto of type com.bodhganga.bodhganga.dto.SignupRequestDTO
[ERROR] /C:/PROJECTS/bodhganga/backend/src/main/java/com/bodhganga/bodhganga/service/AuthService.java:[46,43] cannot find symbol
  symbol:   method getEmail()
  location: variable dto of type com.bodhganga.bodhganga.dto.SignupRequestDTO
[ERROR] /C:/PROJECTS/bodhganga/backend/src/main/java/com/bodhganga/bodhganga/service/AuthService.java:[47,45] cannot find symbol
  symbol:   method getPhoneNo()
  location: variable dto of type com.bodhganga.bodhganga.dto.SignupRequestDTO
[ERROR] /C:/PROJECTS/bodhganga/backend/src/main/java/com/bodhganga/bodhganga/service/AuthService.java:[48,75] cannot find symbol
  symbol:   method getPassword()
  location: variable dto of type com.bodhganga.bodhganga.dto.SignupRequestDTO
[ERROR] /C:/PROJECTS/bodhganga/backend/src/main/java/com/bodhganga/bodhganga/service/AuthService.java:[49,44] cannot find symbol
  symbol:   method getGender()
  location: variable dto of type com.bodhganga.bodhganga.dto.SignupRequestDTO
[ERROR] /C:/PROJECTS/bodhganga/backend/src/main/java/com/bodhganga/bodhganga/service/AuthService.java:[50,49] cannot find symbol
  symbol:   method getDateOfBirth()
  location: variable dto of type com.bodhganga.bodhganga.dto.SignupRequestDTO
[ERROR] /C:/PROJECTS/bodhganga/backend/src/main/java/com/bodhganga/bodhganga/service/AuthService.java:[51,42] cannot find symbol
  symbol:   method getCity()
  location: variable dto of type com.bodhganga.bodhganga.dto.SignupRequestDTO
[ERROR] /C:/PROJECTS/bodhganga/backend/src/main/java/com/bodhganga/bodhganga/service/AuthService.java:[52,43] cannot find symbol
  symbol:   method getState()
  location: variable dto of type com.bodhganga.bodhganga.dto.SignupRequestDTO
[ERROR] /C:/PROJECTS/bodhganga/backend/src/main/java/com/bodhganga/bodhganga/service/AuthService.java:[53,45] cannot find symbol
  symbol:   method getCountry()
  location: variable dto of type com.bodhganga.bodhganga.dto.SignupRequestDTO
[ERROR] /C:/PROJECTS/bodhganga/backend/src/main/java/com/bodhganga/bodhganga/service/AuthService.java:[64,63] cannot find symbol
  symbol:   method getEmail()
  location: variable savedUser of type com.bodhganga.bodhganga.entity.User
[ERROR] /C:/PROJECTS/bodhganga/backend/src/main/java/com/bodhganga/bodhganga/service/AuthService.java:[64,85] cannot find symbol
  symbol:   method getId()
  location: variable savedUser of type com.bodhganga.bodhganga.entity.User
[ERROR] /C:/PROJECTS/bodhganga/backend/src/main/java/com/bodhganga/bodhganga/service/AuthService.java:[64,104] cannot find symbol
  symbol:   method getRole()
  location: variable savedUser of type com.bodhganga.bodhganga.entity.User
[ERROR] /C:/PROJECTS/bodhganga/backend/src/main/java/com/bodhganga/bodhganga/service/AuthService.java:[74,38] cannot find symbol
  symbol:   method builder()
  location: class com.bodhganga.bodhganga.dto.ApiResponseDTO
[ERROR] /C:/PROJECTS/bodhganga/backend/src/main/java/com/bodhganga/bodhganga/service/AuthService.java:[86,42] cannot find symbol
  symbol:   method getEmailOrPhone()
  location: variable dto of type com.bodhganga.bodhganga.dto.LoginRequestDTO
[ERROR] /C:/PROJECTS/bodhganga/backend/src/main/java/com/bodhganga/bodhganga/service/AuthService.java:[99,46] cannot find symbol
  symbol:   method builder()
  location: class com.bodhganga.bodhganga.dto.ApiResponseDTO
[ERROR] /C:/PROJECTS/bodhganga/backend/src/main/java/com/bodhganga/bodhganga/service/AuthService.java:[106,26] cannot find symbol
  symbol:   method isActive()
  location: variable user of type com.bodhganga.bodhganga.entity.User
[ERROR] /C:/PROJECTS/bodhganga/backend/src/main/java/com/bodhganga/bodhganga/service/AuthService.java:[107,46] cannot find symbol
  symbol:   method builder()
  location: class com.bodhganga.bodhganga.dto.ApiResponseDTO
[ERROR] /C:/PROJECTS/bodhganga/backend/src/main/java/com/bodhganga/bodhganga/service/AuthService.java:[114,49] cannot find symbol
  symbol:   method getPassword()
  location: variable dto of type com.bodhganga.bodhganga.dto.LoginRequestDTO
[ERROR] /C:/PROJECTS/bodhganga/backend/src/main/java/com/bodhganga/bodhganga/service/AuthService.java:[114,69] cannot find symbol
  symbol:   method getHashedPassword()
  location: variable user of type com.bodhganga.bodhganga.entity.User
[ERROR] /C:/PROJECTS/bodhganga/backend/src/main/java/com/bodhganga/bodhganga/service/AuthService.java:[115,46] cannot find symbol
  symbol:   method builder()
  location: class com.bodhganga.bodhganga.dto.ApiResponseDTO
[ERROR] /C:/PROJECTS/bodhganga/backend/src/main/java/com/bodhganga/bodhganga/service/AuthService.java:[122,21] cannot find symbol
  symbol:   method setLastLogin(java.util.Date)
  location: variable user of type com.bodhganga.bodhganga.entity.User
[ERROR] /C:/PROJECTS/bodhganga/backend/src/main/java/com/bodhganga/bodhganga/service/AuthService.java:[126,58] cannot find symbol
  symbol:   method getEmail()
  location: variable user of type com.bodhganga.bodhganga.entity.User
[ERROR] /C:/PROJECTS/bodhganga/backend/src/main/java/com/bodhganga/bodhganga/service/AuthService.java:[126,75] cannot find symbol
  symbol:   method getId()
  location: variable user of type com.bodhganga.bodhganga.entity.User
[ERROR] /C:/PROJECTS/bodhganga/backend/src/main/java/com/bodhganga/bodhganga/service/AuthService.java:[126,89] cannot find symbol
  symbol:   method getRole()
  location: variable user of type com.bodhganga.bodhganga.entity.User
[ERROR] /C:/PROJECTS/bodhganga/backend/src/main/java/com/bodhganga/bodhganga/service/AuthService.java:[136,38] cannot find symbol
  symbol:   method builder()
  location: class com.bodhganga.bodhganga.dto.ApiResponseDTO
[ERROR] /C:/PROJECTS/bodhganga/backend/src/main/java/com/bodhganga/bodhganga/service/AuthService.java:[148,39] cannot find symbol
  symbol:   method builder()
  location: class com.bodhganga.bodhganga.dto.UserResponseDTO
[ERROR] /C:/PROJECTS/bodhganga/backend/src/main/java/com/bodhganga/bodhganga/service/AuthService.java:[149,41] cannot find symbol
  symbol:   method getId()
  location: variable user of type com.bodhganga.bodhganga.entity.User
[ERROR] /C:/PROJECTS/bodhganga/backend/src/main/java/com/bodhganga/bodhganga/service/AuthService.java:[150,43] cannot find symbol
  symbol:   method getName()
  location: variable user of type com.bodhganga.bodhganga.entity.User
[ERROR] /C:/PROJECTS/bodhganga/backend/src/main/java/com/bodhganga/bodhganga/service/AuthService.java:[151,44] cannot find symbol
  symbol:   method getEmail()
  location: variable user of type com.bodhganga.bodhganga.entity.User
[ERROR] /C:/PROJECTS/bodhganga/backend/src/main/java/com/bodhganga/bodhganga/service/AuthService.java:[152,46] cannot find symbol
  symbol:   method getPhoneNo()
  location: variable user of type com.bodhganga.bodhganga.entity.User
[ERROR] /C:/PROJECTS/bodhganga/backend/src/main/java/com/bodhganga/bodhganga/service/AuthService.java:[153,43] cannot find symbol
  symbol:   method getCity()
  location: variable user of type com.bodhganga.bodhganga.entity.User
[ERROR] /C:/PROJECTS/bodhganga/backend/src/main/java/com/bodhganga/bodhganga/service/AuthService.java:[154,44] cannot find symbol
  symbol:   method getState()
  location: variable user of type com.bodhganga.bodhganga.entity.User
[ERROR] /C:/PROJECTS/bodhganga/backend/src/main/java/com/bodhganga/bodhganga/service/AuthService.java:[155,46] cannot find symbol
  symbol:   method getCountry()
  location: variable user of type com.bodhganga.bodhganga.entity.User
[ERROR] /C:/PROJECTS/bodhganga/backend/src/main/java/com/bodhganga/bodhganga/service/AuthService.java:[156,43] cannot find symbol
  symbol:   method getRole()
  location: variable user of type com.bodhganga.bodhganga.entity.User
[ERROR] /C:/PROJECTS/bodhganga/backend/src/main/java/com/bodhganga/bodhganga/service/AuthService.java:[157,53] cannot find symbol
  symbol:   method getProfilePicture()
  location: variable user of type com.bodhganga.bodhganga.entity.User
[ERROR] /C:/PROJECTS/bodhganga/backend/src/main/java/com/bodhganga/bodhganga/service/AuthService.java:[158,52] cannot find symbol
  symbol:   method getQualification()
  location: variable user of type com.bodhganga.bodhganga.entity.User
[ERROR] /C:/PROJECTS/bodhganga/backend/src/main/java/com/bodhganga/bodhganga/controllers/CourseController.java:[39,48] cannot find symbol
  symbol:   method builder()
  location: class com.bodhganga.bodhganga.dto.ApiResponseDTO
[ERROR] /C:/PROJECTS/bodhganga/backend/src/main/java/com/bodhganga/bodhganga/controllers/CourseController.java:[55,66] cannot find symbol
  symbol:   method builder()
  location: class com.bodhganga.bodhganga.dto.ApiResponseDTO
[ERROR] /C:/PROJECTS/bodhganga/backend/src/main/java/com/bodhganga/bodhganga/controllers/CourseController.java:[61,48] cannot find symbol
  symbol:   method builder()
  location: class com.bodhganga.bodhganga.dto.ApiResponseDTO
[ERROR] /C:/PROJECTS/bodhganga/backend/src/main/java/com/bodhganga/bodhganga/controllers/CourseController.java:[84,66] cannot find symbol
  symbol:   method builder()
  location: class com.bodhganga.bodhganga.dto.ApiResponseDTO
[ERROR] /C:/PROJECTS/bodhganga/backend/src/main/java/com/bodhganga/bodhganga/controllers/CourseController.java:[91,58] cannot find symbol
  symbol:   method getId()
  location: variable user of type com.bodhganga.bodhganga.entity.User
[ERROR] /C:/PROJECTS/bodhganga/backend/src/main/java/com/bodhganga/bodhganga/controllers/CourseController.java:[92,67] cannot find symbol
  symbol:   method builder()
  location: class com.bodhganga.bodhganga.dto.ApiResponseDTO
[ERROR] /C:/PROJECTS/bodhganga/backend/src/main/java/com/bodhganga/bodhganga/controllers/CourseController.java:[99,43] cannot find symbol
  symbol:   method builder()
  location: class com.bodhganga.bodhganga.entity.Enrollment
[ERROR] /C:/PROJECTS/bodhganga/backend/src/main/java/com/bodhganga/bodhganga/controllers/CourseController.java:[100,29] cannot find symbol
  symbol:   method getId()
  location: variable user of type com.bodhganga.bodhganga.entity.User
[ERROR] /C:/PROJECTS/bodhganga/backend/src/main/java/com/bodhganga/bodhganga/controllers/CourseController.java:[109,48] cannot find symbol
  symbol:   method builder()
  location: class com.bodhganga.bodhganga.dto.ApiResponseDTO
[ERROR] /C:/PROJECTS/bodhganga/backend/src/main/java/com/bodhganga/bodhganga/controllers/CourseController.java:[127,72] cannot find symbol
  symbol:   method getId()
  location: variable user of type com.bodhganga.bodhganga.entity.User
[ERROR] /C:/PROJECTS/bodhganga/backend/src/main/java/com/bodhganga/bodhganga/controllers/CourseController.java:[131,66] cannot find symbol
  symbol:   method getCourseId()
  location: variable enrollment of type com.bodhganga.bodhganga.entity.Enrollment
[ERROR] /C:/PROJECTS/bodhganga/backend/src/main/java/com/bodhganga/bodhganga/controllers/CourseController.java:[132,25] incompatible types: invalid method reference
    method isPresent in class java.util.Optional<T> cannot be applied to given types
      required: no arguments
      found:    java.lang.Object
      reason: actual and formal argument lists differ in length
[ERROR] /C:/PROJECTS/bodhganga/backend/src/main/java/com/bodhganga/bodhganga/controllers/CourseController.java:[136,48] cannot find symbol
  symbol:   method builder()
  location: class com.bodhganga.bodhganga.dto.ApiResponseDTO
[ERROR] /C:/PROJECTS/bodhganga/backend/src/main/java/com/bodhganga/bodhganga/controllers/CourseController.java:[151,48] cannot find symbol
  symbol:   method builder()
  location: class com.bodhganga.bodhganga.dto.ApiResponseDTO
[ERROR] /C:/PROJECTS/bodhganga/backend/src/main/java/com/bodhganga/bodhganga/controllers/DashboardController.java:[30,48] cannot find symbol
  symbol:   method builder()
  location: class com.bodhganga.bodhganga.dto.ApiResponseDTO
[ERROR] /C:/PROJECTS/bodhganga/backend/src/main/java/com/bodhganga/bodhganga/controllers/DashboardController.java:[49,48] cannot find symbol
  symbol:   method builder()
  location: class com.bodhganga.bodhganga.dto.ApiResponseDTO
[ERROR] /C:/PROJECTS/bodhganga/backend/src/main/java/com/bodhganga/bodhganga/controllers/ProfileController.java:[34,48] cannot find symbol
  symbol:   method builder()
  location: class com.bodhganga.bodhganga.dto.ApiResponseDTO
[ERROR] /C:/PROJECTS/bodhganga/backend/src/main/java/com/bodhganga/bodhganga/controllers/ProfileController.java:[56,17] cannot find symbol
  symbol:   method setName(java.lang.String)
  location: variable user of type com.bodhganga.bodhganga.entity.User
[ERROR] /C:/PROJECTS/bodhganga/backend/src/main/java/com/bodhganga/bodhganga/controllers/ProfileController.java:[59,17] cannot find symbol
  symbol:   method setCity(java.lang.String)
  location: variable user of type com.bodhganga.bodhganga.entity.User
[ERROR] /C:/PROJECTS/bodhganga/backend/src/main/java/com/bodhganga/bodhganga/controllers/ProfileController.java:[62,17] cannot find symbol
  symbol:   method setState(java.lang.String)
  location: variable user of type com.bodhganga.bodhganga.entity.User
[ERROR] /C:/PROJECTS/bodhganga/backend/src/main/java/com/bodhganga/bodhganga/controllers/ProfileController.java:[65,17] cannot find symbol
  symbol:   method setCountry(java.lang.String)
  location: variable user of type com.bodhganga.bodhganga.entity.User
[ERROR] /C:/PROJECTS/bodhganga/backend/src/main/java/com/bodhganga/bodhganga/controllers/ProfileController.java:[68,17] cannot find symbol
  symbol:   method setQualification(java.lang.String)
  location: variable user of type com.bodhganga.bodhganga.entity.User
[ERROR] /C:/PROJECTS/bodhganga/backend/src/main/java/com/bodhganga/bodhganga/controllers/ProfileController.java:[71,17] cannot find symbol
  symbol:   method setProfilePicture(java.lang.String)
  location: variable user of type com.bodhganga.bodhganga.entity.User
[ERROR] /C:/PROJECTS/bodhganga/backend/src/main/java/com/bodhganga/bodhganga/controllers/ProfileController.java:[77,48] cannot find symbol
  symbol:   method builder()
  location: class com.bodhganga.bodhganga.dto.ApiResponseDTO
[ERROR] /C:/PROJECTS/bodhganga/backend/src/main/java/com/bodhganga/bodhganga/controllers/ProfileController.java:[97,31] cannot find symbol
  symbol:   method builder()
  location: class com.bodhganga.bodhganga.dto.UserResponseDTO
[ERROR] /C:/PROJECTS/bodhganga/backend/src/main/java/com/bodhganga/bodhganga/controllers/ProfileController.java:[98,25] cannot find symbol
  symbol:   method getId()
  location: variable user of type com.bodhganga.bodhganga.entity.User
[ERROR] /C:/PROJECTS/bodhganga/backend/src/main/java/com/bodhganga/bodhganga/controllers/ProfileController.java:[99,27] cannot find symbol
  symbol:   method getName()
  location: variable user of type com.bodhganga.bodhganga.entity.User
[ERROR] /C:/PROJECTS/bodhganga/backend/src/main/java/com/bodhganga/bodhganga/controllers/ProfileController.java:[100,28] cannot find symbol
  symbol:   method getEmail()
  location: variable user of type com.bodhganga.bodhganga.entity.User
[ERROR] /C:/PROJECTS/bodhganga/backend/src/main/java/com/bodhganga/bodhganga/controllers/ProfileController.java:[101,30] cannot find symbol
  symbol:   method getPhoneNo()
  location: variable user of type com.bodhganga.bodhganga.entity.User
[ERROR] /C:/PROJECTS/bodhganga/backend/src/main/java/com/bodhganga/bodhganga/controllers/ProfileController.java:[102,27] cannot find symbol
  symbol:   method getCity()
  location: variable user of type com.bodhganga.bodhganga.entity.User
[ERROR] /C:/PROJECTS/bodhganga/backend/src/main/java/com/bodhganga/bodhganga/controllers/ProfileController.java:[103,28] cannot find symbol
  symbol:   method getState()
  location: variable user of type com.bodhganga.bodhganga.entity.User
[ERROR] /C:/PROJECTS/bodhganga/backend/src/main/java/com/bodhganga/bodhganga/controllers/ProfileController.java:[104,30] cannot find symbol
  symbol:   method getCountry()
  location: variable user of type com.bodhganga.bodhganga.entity.User
[ERROR] /C:/PROJECTS/bodhganga/backend/src/main/java/com/bodhganga/bodhganga/controllers/ProfileController.java:[105,27] cannot find symbol
  symbol:   method getRole()
  location: variable user of type com.bodhganga.bodhganga.entity.User
[ERROR] /C:/PROJECTS/bodhganga/backend/src/main/java/com/bodhganga/bodhganga/controllers/ProfileController.java:[106,37] cannot find symbol
  symbol:   method getProfilePicture()
  location: variable user of type com.bodhganga.bodhganga.entity.User
[ERROR] /C:/PROJECTS/bodhganga/backend/src/main/java/com/bodhganga/bodhganga/controllers/ProfileController.java:[107,36] cannot find symbol
  symbol:   method getQualification()
  location: variable user of type com.bodhganga.bodhganga.entity.User
[ERROR] /C:/PROJECTS/bodhganga/backend/src/main/java/com/bodhganga/bodhganga/controllers/UserController.java:[29,54] cannot find symbol
  symbol:   method getEmail()
  location: variable user of type com.bodhganga.bodhganga.entity.User
[INFO] 97 errors 
[INFO] -------------------------------------------------------------
[INFO] ------------------------------------------------------------------------
[INFO] BUILD FAILURE
[INFO] ------------------------------------------------------------------------
[INFO] Total time:  2.759 s
[INFO] Finished at: 2026-02-05T23:44:17+05:30
[INFO] ------------------------------------------------------------------------
[ERROR] Failed to execute goal org.apache.maven.plugins:maven-compiler-plugin:3.14.1:compile (default-compile) on project bodhganga: Compilation failure: Compilation failure: 
[ERROR] /C:/PROJECTS/bodhganga/backend/src/main/java/com/bodhganga/bodhganga/repo/userRepo.java:[11,8] interface UserRepo is public, should be declared in a file named UserRepo.java
[ERROR] /C:/PROJECTS/bodhganga/backend/src/main/java/com/bodhganga/bodhganga/config/DataLoader.java:[29,13] cannot find symbol
[ERROR]   symbol:   variable log
[ERROR]   location: class com.bodhganga.bodhganga.config.DataLoader
[ERROR] /C:/PROJECTS/bodhganga/backend/src/main/java/com/bodhganga/bodhganga/config/DataLoader.java:[33,9] cannot find symbol
[ERROR]   symbol:   variable log
[ERROR]   location: class com.bodhganga.bodhganga.config.DataLoader
[ERROR] /C:/PROJECTS/bodhganga/backend/src/main/java/com/bodhganga/bodhganga/config/DataLoader.java:[158,9] cannot find symbol
[ERROR]   symbol:   variable log
[ERROR]   location: class com.bodhganga.bodhganga.config.DataLoader
[ERROR] /C:/PROJECTS/bodhganga/backend/src/main/java/com/bodhganga/bodhganga/config/DataLoader.java:[166,15] cannot find symbol
[ERROR]   symbol:   method setId(java.lang.String)
[ERROR]   location: variable course of type com.bodhganga.bodhganga.entity.Courses
[ERROR] /C:/PROJECTS/bodhganga/backend/src/main/java/com/bodhganga/bodhganga/config/DataLoader.java:[167,15] cannot find symbol
[ERROR]   symbol:   method setCourseTitle(java.lang.String)
[ERROR]   location: variable course of type com.bodhganga.bodhganga.entity.Courses
[ERROR] /C:/PROJECTS/bodhganga/backend/src/main/java/com/bodhganga/bodhganga/config/DataLoader.java:[168,15] cannot find symbol
[ERROR]   symbol:   method setDescription(java.lang.String)
[ERROR]   location: variable course of type com.bodhganga.bodhganga.entity.Courses
[ERROR] /C:/PROJECTS/bodhganga/backend/src/main/java/com/bodhganga/bodhganga/config/DataLoader.java:[169,15] cannot find symbol
[ERROR]   symbol:   method setInstructorName(java.lang.String)
[ERROR]   location: variable course of type com.bodhganga.bodhganga.entity.Courses
[ERROR] /C:/PROJECTS/bodhganga/backend/src/main/java/com/bodhganga/bodhganga/config/DataLoader.java:[170,15] cannot find symbol
[ERROR]   symbol:   method setCourseCategory(java.lang.String)
[ERROR]   location: variable course of type com.bodhganga.bodhganga.entity.Courses
[ERROR] /C:/PROJECTS/bodhganga/backend/src/main/java/com/bodhganga/bodhganga/config/DataLoader.java:[171,15] cannot find symbol
[ERROR]   symbol:   method setCourseDuration(double)
[ERROR]   location: variable course of type com.bodhganga.bodhganga.entity.Courses
[ERROR] /C:/PROJECTS/bodhganga/backend/src/main/java/com/bodhganga/bodhganga/config/DataLoader.java:[172,15] cannot find symbol
[ERROR]   symbol:   method setCoursePrice(double)
[ERROR]   location: variable course of type com.bodhganga.bodhganga.entity.Courses
[ERROR] /C:/PROJECTS/bodhganga/backend/src/main/java/com/bodhganga/bodhganga/config/DataLoader.java:[173,15] cannot find symbol
[ERROR]   symbol:   method setThumbnailUrl(java.lang.String)
[ERROR]   location: variable course of type com.bodhganga.bodhganga.entity.Courses
[ERROR] /C:/PROJECTS/bodhganga/backend/src/main/java/com/bodhganga/bodhganga/config/DataLoader.java:[174,15] cannot find symbol
[ERROR]   symbol:   method setLanguage(java.lang.String)
[ERROR]   location: variable course of type com.bodhganga.bodhganga.entity.Courses
[ERROR] /C:/PROJECTS/bodhganga/backend/src/main/java/com/bodhganga/bodhganga/config/DataLoader.java:[175,15] cannot find symbol
[ERROR]   symbol:   method setTotalLectures(int)
[ERROR]   location: variable course of type com.bodhganga.bodhganga.entity.Courses
[ERROR] /C:/PROJECTS/bodhganga/backend/src/main/java/com/bodhganga/bodhganga/config/DataLoader.java:[176,15] cannot find symbol
[ERROR]   symbol:   method setRating(double)
[ERROR]   location: variable course of type com.bodhganga.bodhganga.entity.Courses
[ERROR] /C:/PROJECTS/bodhganga/backend/src/main/java/com/bodhganga/bodhganga/config/DataLoader.java:[177,15] cannot find symbol
[ERROR]   symbol:   method setEnrolledStudents(int)
[ERROR]   location: variable course of type com.bodhganga.bodhganga.entity.Courses
[ERROR] /C:/PROJECTS/bodhganga/backend/src/main/java/com/bodhganga/bodhganga/config/DataLoader.java:[178,15] cannot find symbol
[ERROR]   symbol:   method setCreatedAt(java.util.Date)
[ERROR]   location: variable course of type com.bodhganga.bodhganga.entity.Courses
[ERROR] /C:/PROJECTS/bodhganga/backend/src/main/java/com/bodhganga/bodhganga/config/DataLoader.java:[179,15] cannot find symbol
[ERROR]   symbol:   method setUpdatedAt(java.util.Date)
[ERROR]   location: variable course of type com.bodhganga.bodhganga.entity.Courses
[ERROR] /C:/PROJECTS/bodhganga/backend/src/main/java/com/bodhganga/bodhganga/controllers/AuthController.java:[24,37] cannot find symbol
[ERROR]   symbol:   method isSuccess()
[ERROR]   location: variable response of type com.bodhganga.bodhganga.dto.ApiResponseDTO
[ERROR] /C:/PROJECTS/bodhganga/backend/src/main/java/com/bodhganga/bodhganga/controllers/AuthController.java:[31,37] cannot find symbol
[ERROR]   symbol:   method isSuccess()
[ERROR]   location: variable response of type com.bodhganga.bodhganga.dto.ApiResponseDTO
[ERROR] /C:/PROJECTS/bodhganga/backend/src/main/java/com/bodhganga/bodhganga/service/AuthService.java:[28,47] cannot find symbol
[ERROR]   symbol:   method getEmail()
[ERROR]   location: variable dto of type com.bodhganga.bodhganga.dto.SignupRequestDTO
[ERROR] /C:/PROJECTS/bodhganga/backend/src/main/java/com/bodhganga/bodhganga/service/AuthService.java:[29,46] cannot find symbol
[ERROR]   symbol:   method builder()
[ERROR]   location: class com.bodhganga.bodhganga.dto.ApiResponseDTO
[ERROR] /C:/PROJECTS/bodhganga/backend/src/main/java/com/bodhganga/bodhganga/service/AuthService.java:[36,49] cannot find symbol
[ERROR]   symbol:   method getPhoneNo()
[ERROR]   location: variable dto of type com.bodhganga.bodhganga.dto.SignupRequestDTO
[ERROR] /C:/PROJECTS/bodhganga/backend/src/main/java/com/bodhganga/bodhganga/service/AuthService.java:[37,46] cannot find symbol
[ERROR]   symbol:   method builder()
[ERROR]   location: class com.bodhganga.bodhganga.dto.ApiResponseDTO
[ERROR] /C:/PROJECTS/bodhganga/backend/src/main/java/com/bodhganga/bodhganga/service/AuthService.java:[44,33] cannot find symbol
[ERROR]   symbol:   method builder()
[ERROR]   location: class com.bodhganga.bodhganga.entity.User
[ERROR] /C:/PROJECTS/bodhganga/backend/src/main/java/com/bodhganga/bodhganga/service/AuthService.java:[45,42] cannot find symbol
[ERROR]   symbol:   method getName()
[ERROR]   location: variable dto of type com.bodhganga.bodhganga.dto.SignupRequestDTO
[ERROR] /C:/PROJECTS/bodhganga/backend/src/main/java/com/bodhganga/bodhganga/service/AuthService.java:[46,43] cannot find symbol
[ERROR]   symbol:   method getEmail()
[ERROR]   location: variable dto of type com.bodhganga.bodhganga.dto.SignupRequestDTO
[ERROR] /C:/PROJECTS/bodhganga/backend/src/main/java/com/bodhganga/bodhganga/service/AuthService.java:[47,45] cannot find symbol
[ERROR]   symbol:   method getPhoneNo()
[ERROR]   location: variable dto of type com.bodhganga.bodhganga.dto.SignupRequestDTO
[ERROR] /C:/PROJECTS/bodhganga/backend/src/main/java/com/bodhganga/bodhganga/service/AuthService.java:[48,75] cannot find symbol
[ERROR]   symbol:   method getPassword()
[ERROR]   location: variable dto of type com.bodhganga.bodhganga.dto.SignupRequestDTO
[ERROR] /C:/PROJECTS/bodhganga/backend/src/main/java/com/bodhganga/bodhganga/service/AuthService.java:[49,44] cannot find symbol
[ERROR]   symbol:   method getGender()
[ERROR]   location: variable dto of type com.bodhganga.bodhganga.dto.SignupRequestDTO
[ERROR] /C:/PROJECTS/bodhganga/backend/src/main/java/com/bodhganga/bodhganga/service/AuthService.java:[50,49] cannot find symbol
[ERROR]   symbol:   method getDateOfBirth()
[ERROR]   location: variable dto of type com.bodhganga.bodhganga.dto.SignupRequestDTO
[ERROR] /C:/PROJECTS/bodhganga/backend/src/main/java/com/bodhganga/bodhganga/service/AuthService.java:[51,42] cannot find symbol
[ERROR]   symbol:   method getCity()
[ERROR]   location: variable dto of type com.bodhganga.bodhganga.dto.SignupRequestDTO
[ERROR] /C:/PROJECTS/bodhganga/backend/src/main/java/com/bodhganga/bodhganga/service/AuthService.java:[52,43] cannot find symbol
[ERROR]   symbol:   method getState()
[ERROR]   location: variable dto of type com.bodhganga.bodhganga.dto.SignupRequestDTO
[ERROR] /C:/PROJECTS/bodhganga/backend/src/main/java/com/bodhganga/bodhganga/service/AuthService.java:[53,45] cannot find symbol
[ERROR]   symbol:   method getCountry()
[ERROR]   location: variable dto of type com.bodhganga.bodhganga.dto.SignupRequestDTO
[ERROR] /C:/PROJECTS/bodhganga/backend/src/main/java/com/bodhganga/bodhganga/service/AuthService.java:[64,63] cannot find symbol
[ERROR]   symbol:   method getEmail()
[ERROR]   location: variable savedUser of type com.bodhganga.bodhganga.entity.User
[ERROR] /C:/PROJECTS/bodhganga/backend/src/main/java/com/bodhganga/bodhganga/service/AuthService.java:[64,85] cannot find symbol
[ERROR]   symbol:   method getId()
[ERROR]   location: variable savedUser of type com.bodhganga.bodhganga.entity.User
[ERROR] /C:/PROJECTS/bodhganga/backend/src/main/java/com/bodhganga/bodhganga/service/AuthService.java:[64,104] cannot find symbol
[ERROR]   symbol:   method getRole()
[ERROR]   location: variable savedUser of type com.bodhganga.bodhganga.entity.User
[ERROR] /C:/PROJECTS/bodhganga/backend/src/main/java/com/bodhganga/bodhganga/service/AuthService.java:[74,38] cannot find symbol
[ERROR]   symbol:   method builder()
[ERROR]   location: class com.bodhganga.bodhganga.dto.ApiResponseDTO
[ERROR] /C:/PROJECTS/bodhganga/backend/src/main/java/com/bodhganga/bodhganga/service/AuthService.java:[86,42] cannot find symbol
[ERROR]   symbol:   method getEmailOrPhone()
[ERROR]   location: variable dto of type com.bodhganga.bodhganga.dto.LoginRequestDTO
[ERROR] /C:/PROJECTS/bodhganga/backend/src/main/java/com/bodhganga/bodhganga/service/AuthService.java:[99,46] cannot find symbol
[ERROR]   symbol:   method builder()
[ERROR]   location: class com.bodhganga.bodhganga.dto.ApiResponseDTO
[ERROR] /C:/PROJECTS/bodhganga/backend/src/main/java/com/bodhganga/bodhganga/service/AuthService.java:[106,26] cannot find symbol
[ERROR]   symbol:   method isActive()
[ERROR]   location: variable user of type com.bodhganga.bodhganga.entity.User
[ERROR] /C:/PROJECTS/bodhganga/backend/src/main/java/com/bodhganga/bodhganga/service/AuthService.java:[107,46] cannot find symbol
[ERROR]   symbol:   method builder()
[ERROR]   location: class com.bodhganga.bodhganga.dto.ApiResponseDTO
[ERROR] /C:/PROJECTS/bodhganga/backend/src/main/java/com/bodhganga/bodhganga/service/AuthService.java:[114,49] cannot find symbol
[ERROR]   symbol:   method getPassword()
[ERROR]   location: variable dto of type com.bodhganga.bodhganga.dto.LoginRequestDTO
[ERROR] /C:/PROJECTS/bodhganga/backend/src/main/java/com/bodhganga/bodhganga/service/AuthService.java:[114,69] cannot find symbol
[ERROR]   symbol:   method getHashedPassword()
[ERROR]   location: variable user of type com.bodhganga.bodhganga.entity.User
[ERROR] /C:/PROJECTS/bodhganga/backend/src/main/java/com/bodhganga/bodhganga/service/AuthService.java:[115,46] cannot find symbol
[ERROR]   symbol:   method builder()
[ERROR]   location: class com.bodhganga.bodhganga.dto.ApiResponseDTO
[ERROR] /C:/PROJECTS/bodhganga/backend/src/main/java/com/bodhganga/bodhganga/service/AuthService.java:[122,21] cannot find symbol
[ERROR]   symbol:   method setLastLogin(java.util.Date)
[ERROR]   location: variable user of type com.bodhganga.bodhganga.entity.User
[ERROR] /C:/PROJECTS/bodhganga/backend/src/main/java/com/bodhganga/bodhganga/service/AuthService.java:[126,58] cannot find symbol
[ERROR]   symbol:   method getEmail()
[ERROR]   location: variable user of type com.bodhganga.bodhganga.entity.User
[ERROR] /C:/PROJECTS/bodhganga/backend/src/main/java/com/bodhganga/bodhganga/service/AuthService.java:[126,75] cannot find symbol
[ERROR]   symbol:   method getId()
[ERROR]   location: variable user of type com.bodhganga.bodhganga.entity.User
[ERROR] /C:/PROJECTS/bodhganga/backend/src/main/java/com/bodhganga/bodhganga/service/AuthService.java:[126,89] cannot find symbol
[ERROR]   symbol:   method getRole()
[ERROR]   location: variable user of type com.bodhganga.bodhganga.entity.User
[ERROR] /C:/PROJECTS/bodhganga/backend/src/main/java/com/bodhganga/bodhganga/service/AuthService.java:[136,38] cannot find symbol
[ERROR]   symbol:   method builder()
[ERROR]   location: class com.bodhganga.bodhganga.dto.ApiResponseDTO
[ERROR] /C:/PROJECTS/bodhganga/backend/src/main/java/com/bodhganga/bodhganga/service/AuthService.java:[148,39] cannot find symbol
[ERROR]   symbol:   method builder()
[ERROR]   location: class com.bodhganga.bodhganga.dto.UserResponseDTO
[ERROR] /C:/PROJECTS/bodhganga/backend/src/main/java/com/bodhganga/bodhganga/service/AuthService.java:[149,41] cannot find symbol
[ERROR]   symbol:   method getId()
[ERROR]   location: variable user of type com.bodhganga.bodhganga.entity.User
[ERROR] /C:/PROJECTS/bodhganga/backend/src/main/java/com/bodhganga/bodhganga/service/AuthService.java:[150,43] cannot find symbol
[ERROR]   symbol:   method getName()
[ERROR]   location: variable user of type com.bodhganga.bodhganga.entity.User
[ERROR] /C:/PROJECTS/bodhganga/backend/src/main/java/com/bodhganga/bodhganga/service/AuthService.java:[151,44] cannot find symbol
[ERROR]   symbol:   method getEmail()
[ERROR]   location: variable user of type com.bodhganga.bodhganga.entity.User
[ERROR] /C:/PROJECTS/bodhganga/backend/src/main/java/com/bodhganga/bodhganga/service/AuthService.java:[152,46] cannot find symbol
[ERROR]   symbol:   method getPhoneNo()
[ERROR]   location: variable user of type com.bodhganga.bodhganga.entity.User
[ERROR] /C:/PROJECTS/bodhganga/backend/src/main/java/com/bodhganga/bodhganga/service/AuthService.java:[153,43] cannot find symbol
[ERROR]   symbol:   method getCity()
[ERROR]   location: variable user of type com.bodhganga.bodhganga.entity.User
[ERROR] /C:/PROJECTS/bodhganga/backend/src/main/java/com/bodhganga/bodhganga/service/AuthService.java:[154,44] cannot find symbol
[ERROR]   symbol:   method getState()
[ERROR]   location: variable user of type com.bodhganga.bodhganga.entity.User
[ERROR] /C:/PROJECTS/bodhganga/backend/src/main/java/com/bodhganga/bodhganga/service/AuthService.java:[155,46] cannot find symbol
[ERROR]   symbol:   method getCountry()
[ERROR]   location: variable user of type com.bodhganga.bodhganga.entity.User
[ERROR] /C:/PROJECTS/bodhganga/backend/src/main/java/com/bodhganga/bodhganga/service/AuthService.java:[156,43] cannot find symbol
[ERROR]   symbol:   method getRole()
[ERROR]   location: variable user of type com.bodhganga.bodhganga.entity.User
[ERROR] /C:/PROJECTS/bodhganga/backend/src/main/java/com/bodhganga/bodhganga/service/AuthService.java:[157,53] cannot find symbol
[ERROR]   symbol:   method getProfilePicture()
[ERROR]   location: variable user of type com.bodhganga.bodhganga.entity.User
[ERROR] /C:/PROJECTS/bodhganga/backend/src/main/java/com/bodhganga/bodhganga/service/AuthService.java:[158,52] cannot find symbol
[ERROR]   symbol:   method getQualification()
[ERROR]   location: variable user of type com.bodhganga.bodhganga.entity.User
[ERROR] /C:/PROJECTS/bodhganga/backend/src/main/java/com/bodhganga/bodhganga/controllers/CourseController.java:[39,48] cannot find symbol
[ERROR]   symbol:   method builder()
[ERROR]   location: class com.bodhganga.bodhganga.dto.ApiResponseDTO
[ERROR] /C:/PROJECTS/bodhganga/backend/src/main/java/com/bodhganga/bodhganga/controllers/CourseController.java:[55,66] cannot find symbol
[ERROR]   symbol:   method builder()
[ERROR]   location: class com.bodhganga.bodhganga.dto.ApiResponseDTO
[ERROR] /C:/PROJECTS/bodhganga/backend/src/main/java/com/bodhganga/bodhganga/controllers/CourseController.java:[61,48] cannot find symbol
[ERROR]   symbol:   method builder()
[ERROR]   location: class com.bodhganga.bodhganga.dto.ApiResponseDTO
[ERROR] /C:/PROJECTS/bodhganga/backend/src/main/java/com/bodhganga/bodhganga/controllers/CourseController.java:[84,66] cannot find symbol
[ERROR]   symbol:   method builder()
[ERROR]   location: class com.bodhganga.bodhganga.dto.ApiResponseDTO
[ERROR] /C:/PROJECTS/bodhganga/backend/src/main/java/com/bodhganga/bodhganga/controllers/CourseController.java:[91,58] cannot find symbol
[ERROR]   symbol:   method getId()
[ERROR]   location: variable user of type com.bodhganga.bodhganga.entity.User
[ERROR] /C:/PROJECTS/bodhganga/backend/src/main/java/com/bodhganga/bodhganga/controllers/CourseController.java:[92,67] cannot find symbol
[ERROR]   symbol:   method builder()
[ERROR]   location: class com.bodhganga.bodhganga.dto.ApiResponseDTO
[ERROR] /C:/PROJECTS/bodhganga/backend/src/main/java/com/bodhganga/bodhganga/controllers/CourseController.java:[99,43] cannot find symbol
[ERROR]   symbol:   method builder()
[ERROR]   location: class com.bodhganga.bodhganga.entity.Enrollment
[ERROR] /C:/PROJECTS/bodhganga/backend/src/main/java/com/bodhganga/bodhganga/controllers/CourseController.java:[100,29] cannot find symbol
[ERROR]   symbol:   method getId()
[ERROR]   location: variable user of type com.bodhganga.bodhganga.entity.User
[ERROR] /C:/PROJECTS/bodhganga/backend/src/main/java/com/bodhganga/bodhganga/controllers/CourseController.java:[109,48] cannot find symbol
[ERROR]   symbol:   method builder()
[ERROR]   location: class com.bodhganga.bodhganga.dto.ApiResponseDTO
[ERROR] /C:/PROJECTS/bodhganga/backend/src/main/java/com/bodhganga/bodhganga/controllers/CourseController.java:[127,72] cannot find symbol
[ERROR]   symbol:   method getId()
[ERROR]   location: variable user of type com.bodhganga.bodhganga.entity.User
[ERROR] /C:/PROJECTS/bodhganga/backend/src/main/java/com/bodhganga/bodhganga/controllers/CourseController.java:[131,66] cannot find symbol
[ERROR]   symbol:   method getCourseId()
[ERROR]   location: variable enrollment of type com.bodhganga.bodhganga.entity.Enrollment
[ERROR] /C:/PROJECTS/bodhganga/backend/src/main/java/com/bodhganga/bodhganga/controllers/CourseController.java:[132,25] incompatible types: invalid method reference
[ERROR]     method isPresent in class java.util.Optional<T> cannot be applied to given types
[ERROR]       required: no arguments
[ERROR]       found:    java.lang.Object
[ERROR]       reason: actual and formal argument lists differ in length
[ERROR] /C:/PROJECTS/bodhganga/backend/src/main/java/com/bodhganga/bodhganga/controllers/CourseController.java:[136,48] cannot find symbol
[ERROR]   symbol:   method builder()
[ERROR]   location: class com.bodhganga.bodhganga.dto.ApiResponseDTO
[ERROR] /C:/PROJECTS/bodhganga/backend/src/main/java/com/bodhganga/bodhganga/controllers/CourseController.java:[151,48] cannot find symbol
[ERROR]   symbol:   method builder()
[ERROR]   location: class com.bodhganga.bodhganga.dto.ApiResponseDTO
[ERROR] /C:/PROJECTS/bodhganga/backend/src/main/java/com/bodhganga/bodhganga/controllers/DashboardController.java:[30,48] cannot find symbol
[ERROR]   symbol:   method builder()
[ERROR]   location: class com.bodhganga.bodhganga.dto.ApiResponseDTO
[ERROR] /C:/PROJECTS/bodhganga/backend/src/main/java/com/bodhganga/bodhganga/controllers/DashboardController.java:[49,48] cannot find symbol
[ERROR]   symbol:   method builder()
[ERROR]   location: class com.bodhganga.bodhganga.dto.ApiResponseDTO
[ERROR] /C:/PROJECTS/bodhganga/backend/src/main/java/com/bodhganga/bodhganga/controllers/ProfileController.java:[34,48] cannot find symbol
[ERROR]   symbol:   method builder()
[ERROR]   location: class com.bodhganga.bodhganga.dto.ApiResponseDTO
[ERROR] /C:/PROJECTS/bodhganga/backend/src/main/java/com/bodhganga/bodhganga/controllers/ProfileController.java:[56,17] cannot find symbol
[ERROR]   symbol:   method setName(java.lang.String)
[ERROR]   location: variable user of type com.bodhganga.bodhganga.entity.User
[ERROR] /C:/PROJECTS/bodhganga/backend/src/main/java/com/bodhganga/bodhganga/controllers/ProfileController.java:[59,17] cannot find symbol
[ERROR]   symbol:   method setCity(java.lang.String)
[ERROR]   location: variable user of type com.bodhganga.bodhganga.entity.User
[ERROR] /C:/PROJECTS/bodhganga/backend/src/main/java/com/bodhganga/bodhganga/controllers/ProfileController.java:[62,17] cannot find symbol
[ERROR]   symbol:   method setState(java.lang.String)
[ERROR]   location: variable user of type com.bodhganga.bodhganga.entity.User
[ERROR] /C:/PROJECTS/bodhganga/backend/src/main/java/com/bodhganga/bodhganga/controllers/ProfileController.java:[65,17] cannot find symbol
[ERROR]   symbol:   method setCountry(java.lang.String)
[ERROR]   location: variable user of type com.bodhganga.bodhganga.entity.User
[ERROR] /C:/PROJECTS/bodhganga/backend/src/main/java/com/bodhganga/bodhganga/controllers/ProfileController.java:[68,17] cannot find symbol
[ERROR]   symbol:   method setQualification(java.lang.String)
[ERROR]   location: variable user of type com.bodhganga.bodhganga.entity.User
[ERROR] /C:/PROJECTS/bodhganga/backend/src/main/java/com/bodhganga/bodhganga/controllers/ProfileController.java:[71,17] cannot find symbol
[ERROR]   symbol:   method setProfilePicture(java.lang.String)
[ERROR]   location: variable user of type com.bodhganga.bodhganga.entity.User
[ERROR] /C:/PROJECTS/bodhganga/backend/src/main/java/com/bodhganga/bodhganga/controllers/ProfileController.java:[77,48] cannot find symbol
[ERROR]   symbol:   method builder()
[ERROR]   location: class com.bodhganga.bodhganga.dto.ApiResponseDTO
[ERROR] /C:/PROJECTS/bodhganga/backend/src/main/java/com/bodhganga/bodhganga/controllers/ProfileController.java:[97,31] cannot find symbol
[ERROR]   symbol:   method builder()
[ERROR]   location: class com.bodhganga.bodhganga.dto.UserResponseDTO
[ERROR] /C:/PROJECTS/bodhganga/backend/src/main/java/com/bodhganga/bodhganga/controllers/ProfileController.java:[98,25] cannot find symbol
[ERROR]   symbol:   method getId()
[ERROR]   location: variable user of type com.bodhganga.bodhganga.entity.User
[ERROR] /C:/PROJECTS/bodhganga/backend/src/main/java/com/bodhganga/bodhganga/controllers/ProfileController.java:[99,27] cannot find symbol
[ERROR]   symbol:   method getName()
[ERROR]   location: variable user of type com.bodhganga.bodhganga.entity.User
[ERROR] /C:/PROJECTS/bodhganga/backend/src/main/java/com/bodhganga/bodhganga/controllers/ProfileController.java:[100,28] cannot find symbol
[ERROR]   symbol:   method getEmail()
[ERROR]   location: variable user of type com.bodhganga.bodhganga.entity.User
[ERROR] /C:/PROJECTS/bodhganga/backend/src/main/java/com/bodhganga/bodhganga/controllers/ProfileController.java:[101,30] cannot find symbol
[ERROR]   symbol:   method getPhoneNo()
[ERROR]   location: variable user of type com.bodhganga.bodhganga.entity.User
[ERROR] /C:/PROJECTS/bodhganga/backend/src/main/java/com/bodhganga/bodhganga/controllers/ProfileController.java:[102,27] cannot find symbol
[ERROR]   symbol:   method getCity()
[ERROR]   location: variable user of type com.bodhganga.bodhganga.entity.User
[ERROR] /C:/PROJECTS/bodhganga/backend/src/main/java/com/bodhganga/bodhganga/controllers/ProfileController.java:[103,28] cannot find symbol
[ERROR]   symbol:   method getState()
[ERROR]   location: variable user of type com.bodhganga.bodhganga.entity.User
[ERROR] /C:/PROJECTS/bodhganga/backend/src/main/java/com/bodhganga/bodhganga/controllers/ProfileController.java:[104,30] cannot find symbol
[ERROR]   symbol:   method getCountry()
[ERROR]   location: variable user of type com.bodhganga.bodhganga.entity.User
[ERROR] /C:/PROJECTS/bodhganga/backend/src/main/java/com/bodhganga/bodhganga/controllers/ProfileController.java:[105,27] cannot find symbol
[ERROR]   symbol:   method getRole()
[ERROR]   location: variable user of type com.bodhganga.bodhganga.entity.User
[ERROR] /C:/PROJECTS/bodhganga/backend/src/main/java/com/bodhganga/bodhganga/controllers/ProfileController.java:[106,37] cannot find symbol
[ERROR]   symbol:   method getProfilePicture()
[ERROR]   location: variable user of type com.bodhganga.bodhganga.entity.User
[ERROR] /C:/PROJECTS/bodhganga/backend/src/main/java/com/bodhganga/bodhganga/controllers/ProfileController.java:[107,36] cannot find symbol
[ERROR]   symbol:   method getQualification()
[ERROR]   location: variable user of type com.bodhganga.bodhganga.entity.User
[ERROR] /C:/PROJECTS/bodhganga/backend/src/main/java/com/bodhganga/bodhganga/controllers/UserController.java:[29,54] cannot find symbol
[ERROR]   symbol:   method getEmail()
[ERROR]   location: variable user of type com.bodhganga.bodhganga.entity.User
[ERROR] -> [Help 1]
org.apache.maven.lifecycle.LifecycleExecutionException: Failed to execute goal org.apache.maven.plugins:maven-compiler-plugin:3.14.1:compile (default-compile) on project bodhganga: Compilation failure
    at org.apache.maven.lifecycle.internal.MojoExecutor.doExecute2 (MojoExecutor.java:333)
    at org.apache.maven.lifecycle.internal.MojoExecutor.doExecute (MojoExecutor.java:316)
    at org.apache.maven.lifecycle.internal.MojoExecutor.execute (MojoExecutor.java:212)
    at org.apache.maven.lifecycle.internal.MojoExecutor.execute (MojoExecutor.java:174)
    at org.apache.maven.lifecycle.internal.MojoExecutor.access$000 (MojoExecutor.java:75)
    at org.apache.maven.lifecycle.internal.MojoExecutor$1.run (MojoExecutor.java:162)
    at org.apache.maven.plugin.DefaultMojosExecutionStrategy.execute (DefaultMojosExecutionStrategy.java:39)
    at org.apache.maven.lifecycle.internal.MojoExecutor.execute (MojoExecutor.java:159)
    at org.apache.maven.lifecycle.internal.LifecycleModuleBuilder.buildProject (LifecycleModuleBuilder.java:105)
    at org.apache.maven.lifecycle.internal.LifecycleModuleBuilder.buildProject (LifecycleModuleBuilder.java:73)
    at org.apache.maven.lifecycle.internal.builder.singlethreaded.SingleThreadedBuilder.build (SingleThreadedBuilder.java:53)
    at org.apache.maven.lifecycle.internal.LifecycleStarter.execute (LifecycleStarter.java:118)
    at org.apache.maven.DefaultMaven.doExecute (DefaultMaven.java:261)
    at org.apache.maven.DefaultMaven.doExecute (DefaultMaven.java:173)
    at org.apache.maven.DefaultMaven.execute (DefaultMaven.java:101)
    at org.apache.maven.cli.MavenCli.execute (MavenCli.java:906)
    at org.apache.maven.cli.MavenCli.doMain (MavenCli.java:283)
    at org.apache.maven.cli.MavenCli.main (MavenCli.java:206)
    at jdk.internal.reflect.DirectMethodHandleAccessor.invoke (DirectMethodHandleAccessor.java:103)
    at java.lang.reflect.Method.invoke (Method.java:580)
    at org.codehaus.plexus.classworlds.launcher.Launcher.launchEnhanced (Launcher.java:255)
    at org.codehaus.plexus.classworlds.launcher.Launcher.launch (Launcher.java:201)
    at org.codehaus.plexus.classworlds.launcher.Launcher.mainWithExitCode (Launcher.java:361)
    at org.codehaus.plexus.classworlds.launcher.Launcher.main (Launcher.java:314)
Caused by: org.apache.maven.plugin.compiler.CompilationFailureException: Compilation failure
    at org.apache.maven.plugin.compiler.AbstractCompilerMojo.executeReal (AbstractCompilerMojo.java:1318)
    at org.apache.maven.plugin.compiler.AbstractCompilerMojo.execute (AbstractCompilerMojo.java:708)
    at org.apache.maven.plugin.compiler.CompilerMojo.execute (CompilerMojo.java:235)
    at org.apache.maven.plugin.DefaultBuildPluginManager.executeMojo (DefaultBuildPluginManager.java:126)
    at org.apache.maven.lifecycle.internal.MojoExecutor.doExecute2 (MojoExecutor.java:328)
    at org.apache.maven.lifecycle.internal.MojoExecutor.doExecute (MojoExecutor.java:316)
    at org.apache.maven.lifecycle.internal.MojoExecutor.execute (MojoExecutor.java:212)
    at org.apache.maven.lifecycle.internal.MojoExecutor.execute (MojoExecutor.java:174)
    at org.apache.maven.lifecycle.internal.MojoExecutor.access$000 (MojoExecutor.java:75)
    at org.apache.maven.lifecycle.internal.MojoExecutor$1.run (MojoExecutor.java:162)
    at org.apache.maven.plugin.DefaultMojosExecutionStrategy.execute (DefaultMojosExecutionStrategy.java:39)
    at org.apache.maven.lifecycle.internal.MojoExecutor.execute (MojoExecutor.java:159)
    at org.apache.maven.lifecycle.internal.LifecycleModuleBuilder.buildProject (LifecycleModuleBuilder.java:105)
    at org.apache.maven.lifecycle.internal.LifecycleModuleBuilder.buildProject (LifecycleModuleBuilder.java:73)
    at org.apache.maven.lifecycle.internal.builder.singlethreaded.SingleThreadedBuilder.build (SingleThreadedBuilder.java:53)
    at org.apache.maven.lifecycle.internal.LifecycleStarter.execute (LifecycleStarter.java:118)
    at org.apache.maven.DefaultMaven.doExecute (DefaultMaven.java:261)
    at org.apache.maven.DefaultMaven.doExecute (DefaultMaven.java:173)
    at org.apache.maven.DefaultMaven.execute (DefaultMaven.java:101)
    at org.apache.maven.cli.MavenCli.execute (MavenCli.java:906)
    at org.apache.maven.cli.MavenCli.doMain (MavenCli.java:283)
    at org.apache.maven.cli.MavenCli.main (MavenCli.java:206)
    at jdk.internal.reflect.DirectMethodHandleAccessor.invoke (DirectMethodHandleAccessor.java:103)
    at java.lang.reflect.Method.invoke (Method.java:580)
    at org.codehaus.plexus.classworlds.launcher.Launcher.launchEnhanced (Launcher.java:255)
    at org.codehaus.plexus.classworlds.launcher.Launcher.launch (Launcher.java:201)
    at org.codehaus.plexus.classworlds.launcher.Launcher.mainWithExitCode (Launcher.java:361)
    at org.codehaus.plexus.classworlds.launcher.Launcher.main (Launcher.java:314)
[ERROR] 
[ERROR] Re-run Maven using the -X switch to enable full debug logging.
[ERROR] 
[ERROR] For more information about the errors and possible solutions, please read the following articles:
[ERROR] [Help 1] http://cwiki.apache.org/confluence/display/MAVEN/MojoFailureException
